[tangerine-hummingbird-1479b6.netlify.app/index.html]
[backblue.gif]
[fade.gif]
[index.html]
[tangerine-hummingbird-1479b6.netlify.app/style.css]
[tangerine-hummingbird-1479b6.netlify.app/mediaqueries.css]
[tangerine-hummingbird-1479b6.netlify.app/assets/profile-pic.png]
[tangerine-hummingbird-1479b6.netlify.app/assets/linkedin.png]
[tangerine-hummingbird-1479b6.netlify.app/assets/github.png]
[tangerine-hummingbird-1479b6.netlify.app/assets/resume-example.pdf]
[tangerine-hummingbird-1479b6.netlify.app/assets/about-pic.png]
[tangerine-hummingbird-1479b6.netlify.app/assets/experience.png]
[tangerine-hummingbird-1479b6.netlify.app/assets/education.png]
[tangerine-hummingbird-1479b6.netlify.app/assets/arrow.png]
[tangerine-hummingbird-1479b6.netlify.app/assets/checkmark.png]
[tangerine-hummingbird-1479b6.netlify.app/assets/project-1.png]
[tangerine-hummingbird-1479b6.netlify.app/assets/project-2.png]
[tangerine-hummingbird-1479b6.netlify.app/assets/project-3.png]
[tangerine-hummingbird-1479b6.netlify.app/assets/email.png]
[tangerine-hummingbird-1479b6.netlify.app/script.js]
[tangerine-hummingbird-1479b6.netlify.app/index.html]
[tangerine-hummingbird-1479b6.netlify.app/style.css]
[tangerine-hummingbird-1479b6.netlify.app/mediaqueries.css]
